------------------------------------------------------------
TimeQuest Timing Analyzer Summary
------------------------------------------------------------

Type  : Slow 1100mV 85C Model Setup 'F1SYNCLK'
Slack : -6.306
TNS   : -18.660

Type  : Slow 1100mV 85C Model Setup 'F2SYNCLK'
Slack : -6.232
TNS   : -18.280

Type  : Slow 1100mV 85C Model Setup 'F3SYNCLK'
Slack : -6.160
TNS   : -18.343

Type  : Slow 1100mV 85C Model Setup 'U1|pll_inst|altera_pll_i|general[0].gpll~PLL_OUTPUT_COUNTER|divclk'
Slack : -1.374
TNS   : -11.717

Type  : Slow 1100mV 85C Model Setup 'U1|pll_inst|altera_pll_i|general[2].gpll~PLL_OUTPUT_COUNTER|divclk'
Slack : -0.811
TNS   : -183.743

Type  : Slow 1100mV 85C Model Setup 'U1|pll_inst|altera_pll_i|general[1].gpll~PLL_OUTPUT_COUNTER|divclk'
Slack : 1.584
TNS   : 0.000

Type  : Slow 1100mV 85C Model Hold 'U1|pll_inst|altera_pll_i|general[1].gpll~PLL_OUTPUT_COUNTER|divclk'
Slack : -0.439
TNS   : -930.695

Type  : Slow 1100mV 85C Model Hold 'U1|pll_inst|altera_pll_i|general[2].gpll~PLL_OUTPUT_COUNTER|divclk'
Slack : 0.312
TNS   : 0.000

Type  : Slow 1100mV 85C Model Hold 'U1|pll_inst|altera_pll_i|general[0].gpll~PLL_OUTPUT_COUNTER|divclk'
Slack : 0.390
TNS   : 0.000

Type  : Slow 1100mV 85C Model Hold 'F3SYNCLK'
Slack : 0.850
TNS   : 0.000

Type  : Slow 1100mV 85C Model Hold 'F1SYNCLK'
Slack : 0.943
TNS   : 0.000

Type  : Slow 1100mV 85C Model Hold 'F2SYNCLK'
Slack : 0.943
TNS   : 0.000

Type  : Slow 1100mV 85C Model Minimum Pulse Width 'F2SYNCLK'
Slack : -0.724
TNS   : -3.581

Type  : Slow 1100mV 85C Model Minimum Pulse Width 'F3SYNCLK'
Slack : -0.724
TNS   : -3.495

Type  : Slow 1100mV 85C Model Minimum Pulse Width 'F1SYNCLK'
Slack : -0.724
TNS   : -3.470

Type  : Slow 1100mV 85C Model Minimum Pulse Width 'U1|pll_inst|altera_pll_i|general[2].gpll~PLL_OUTPUT_COUNTER|divclk'
Slack : 0.695
TNS   : 0.000

Type  : Slow 1100mV 85C Model Minimum Pulse Width 'U1|pll_inst|altera_pll_i|general[0].gpll~FRACTIONAL_PLL|vcoph[0]'
Slack : 1.562
TNS   : 0.000

Type  : Slow 1100mV 85C Model Minimum Pulse Width 'U1|pll_inst|altera_pll_i|general[1].gpll~PLL_OUTPUT_COUNTER|divclk'
Slack : 5.481
TNS   : 0.000

Type  : Slow 1100mV 85C Model Minimum Pulse Width 'U1|pll_inst|altera_pll_i|general[0].gpll~PLL_OUTPUT_COUNTER|divclk'
Slack : 23.383
TNS   : 0.000

Type  : Slow 1100mV 85C Model Minimum Pulse Width 'CLK1'
Slack : 49.972
TNS   : 0.000

Type  : Slow 1100mV 0C Model Setup 'F1SYNCLK'
Slack : -6.321
TNS   : -18.638

Type  : Slow 1100mV 0C Model Setup 'F2SYNCLK'
Slack : -6.219
TNS   : -18.211

Type  : Slow 1100mV 0C Model Setup 'F3SYNCLK'
Slack : -6.121
TNS   : -18.208

Type  : Slow 1100mV 0C Model Setup 'U1|pll_inst|altera_pll_i|general[0].gpll~PLL_OUTPUT_COUNTER|divclk'
Slack : -1.474
TNS   : -11.526

Type  : Slow 1100mV 0C Model Setup 'U1|pll_inst|altera_pll_i|general[2].gpll~PLL_OUTPUT_COUNTER|divclk'
Slack : -0.882
TNS   : -157.863

Type  : Slow 1100mV 0C Model Setup 'U1|pll_inst|altera_pll_i|general[1].gpll~PLL_OUTPUT_COUNTER|divclk'
Slack : 1.745
TNS   : 0.000

Type  : Slow 1100mV 0C Model Hold 'U1|pll_inst|altera_pll_i|general[1].gpll~PLL_OUTPUT_COUNTER|divclk'
Slack : -0.323
TNS   : -658.674

Type  : Slow 1100mV 0C Model Hold 'U1|pll_inst|altera_pll_i|general[0].gpll~PLL_OUTPUT_COUNTER|divclk'
Slack : 0.225
TNS   : 0.000

Type  : Slow 1100mV 0C Model Hold 'U1|pll_inst|altera_pll_i|general[2].gpll~PLL_OUTPUT_COUNTER|divclk'
Slack : 0.303
TNS   : 0.000

Type  : Slow 1100mV 0C Model Hold 'F3SYNCLK'
Slack : 0.799
TNS   : 0.000

Type  : Slow 1100mV 0C Model Hold 'F1SYNCLK'
Slack : 0.836
TNS   : 0.000

Type  : Slow 1100mV 0C Model Hold 'F2SYNCLK'
Slack : 0.889
TNS   : 0.000

Type  : Slow 1100mV 0C Model Minimum Pulse Width 'F2SYNCLK'
Slack : -0.724
TNS   : -3.518

Type  : Slow 1100mV 0C Model Minimum Pulse Width 'F1SYNCLK'
Slack : -0.724
TNS   : -3.507

Type  : Slow 1100mV 0C Model Minimum Pulse Width 'F3SYNCLK'
Slack : -0.724
TNS   : -3.444

Type  : Slow 1100mV 0C Model Minimum Pulse Width 'U1|pll_inst|altera_pll_i|general[2].gpll~PLL_OUTPUT_COUNTER|divclk'
Slack : 0.695
TNS   : 0.000

Type  : Slow 1100mV 0C Model Minimum Pulse Width 'U1|pll_inst|altera_pll_i|general[0].gpll~FRACTIONAL_PLL|vcoph[0]'
Slack : 1.562
TNS   : 0.000

Type  : Slow 1100mV 0C Model Minimum Pulse Width 'U1|pll_inst|altera_pll_i|general[1].gpll~PLL_OUTPUT_COUNTER|divclk'
Slack : 5.368
TNS   : 0.000

Type  : Slow 1100mV 0C Model Minimum Pulse Width 'U1|pll_inst|altera_pll_i|general[0].gpll~PLL_OUTPUT_COUNTER|divclk'
Slack : 23.345
TNS   : 0.000

Type  : Slow 1100mV 0C Model Minimum Pulse Width 'CLK1'
Slack : 49.940
TNS   : 0.000

Type  : Fast 1100mV 85C Model Setup 'F1SYNCLK'
Slack : -3.072
TNS   : -9.041

Type  : Fast 1100mV 85C Model Setup 'F3SYNCLK'
Slack : -3.067
TNS   : -8.998

Type  : Fast 1100mV 85C Model Setup 'F2SYNCLK'
Slack : -3.001
TNS   : -8.605

Type  : Fast 1100mV 85C Model Setup 'U1|pll_inst|altera_pll_i|general[2].gpll~PLL_OUTPUT_COUNTER|divclk'
Slack : 2.476
TNS   : 0.000

Type  : Fast 1100mV 85C Model Setup 'U1|pll_inst|altera_pll_i|general[0].gpll~PLL_OUTPUT_COUNTER|divclk'
Slack : 2.513
TNS   : 0.000

Type  : Fast 1100mV 85C Model Setup 'U1|pll_inst|altera_pll_i|general[1].gpll~PLL_OUTPUT_COUNTER|divclk'
Slack : 3.921
TNS   : 0.000

Type  : Fast 1100mV 85C Model Hold 'U1|pll_inst|altera_pll_i|general[1].gpll~PLL_OUTPUT_COUNTER|divclk'
Slack : -0.274
TNS   : -579.669

Type  : Fast 1100mV 85C Model Hold 'U1|pll_inst|altera_pll_i|general[2].gpll~PLL_OUTPUT_COUNTER|divclk'
Slack : 0.137
TNS   : 0.000

Type  : Fast 1100mV 85C Model Hold 'U1|pll_inst|altera_pll_i|general[0].gpll~PLL_OUTPUT_COUNTER|divclk'
Slack : 0.157
TNS   : 0.000

Type  : Fast 1100mV 85C Model Hold 'F2SYNCLK'
Slack : 0.524
TNS   : 0.000

Type  : Fast 1100mV 85C Model Hold 'F1SYNCLK'
Slack : 0.558
TNS   : 0.000

Type  : Fast 1100mV 85C Model Hold 'F3SYNCLK'
Slack : 0.629
TNS   : 0.000

Type  : Fast 1100mV 85C Model Minimum Pulse Width 'F1SYNCLK'
Slack : -0.373
TNS   : -1.447

Type  : Fast 1100mV 85C Model Minimum Pulse Width 'F2SYNCLK'
Slack : -0.306
TNS   : -1.050

Type  : Fast 1100mV 85C Model Minimum Pulse Width 'F3SYNCLK'
Slack : -0.278
TNS   : -0.879

Type  : Fast 1100mV 85C Model Minimum Pulse Width 'U1|pll_inst|altera_pll_i|general[0].gpll~FRACTIONAL_PLL|vcoph[0]'
Slack : 1.562
TNS   : 0.000

Type  : Fast 1100mV 85C Model Minimum Pulse Width 'U1|pll_inst|altera_pll_i|general[2].gpll~PLL_OUTPUT_COUNTER|divclk'
Slack : 2.012
TNS   : 0.000

Type  : Fast 1100mV 85C Model Minimum Pulse Width 'U1|pll_inst|altera_pll_i|general[1].gpll~PLL_OUTPUT_COUNTER|divclk'
Slack : 5.798
TNS   : 0.000

Type  : Fast 1100mV 85C Model Minimum Pulse Width 'U1|pll_inst|altera_pll_i|general[0].gpll~PLL_OUTPUT_COUNTER|divclk'
Slack : 23.890
TNS   : 0.000

Type  : Fast 1100mV 85C Model Minimum Pulse Width 'CLK1'
Slack : 49.643
TNS   : 0.000

Type  : Fast 1100mV 0C Model Setup 'F1SYNCLK'
Slack : -2.818
TNS   : -8.303

Type  : Fast 1100mV 0C Model Setup 'F3SYNCLK'
Slack : -2.763
TNS   : -8.132

Type  : Fast 1100mV 0C Model Setup 'F2SYNCLK'
Slack : -2.700
TNS   : -7.757

Type  : Fast 1100mV 0C Model Setup 'U1|pll_inst|altera_pll_i|general[0].gpll~PLL_OUTPUT_COUNTER|divclk'
Slack : 2.765
TNS   : 0.000

Type  : Fast 1100mV 0C Model Setup 'U1|pll_inst|altera_pll_i|general[2].gpll~PLL_OUTPUT_COUNTER|divclk'
Slack : 2.925
TNS   : 0.000

Type  : Fast 1100mV 0C Model Setup 'U1|pll_inst|altera_pll_i|general[1].gpll~PLL_OUTPUT_COUNTER|divclk'
Slack : 4.175
TNS   : 0.000

Type  : Fast 1100mV 0C Model Hold 'U1|pll_inst|altera_pll_i|general[1].gpll~PLL_OUTPUT_COUNTER|divclk'
Slack : -0.277
TNS   : -599.058

Type  : Fast 1100mV 0C Model Hold 'U1|pll_inst|altera_pll_i|general[0].gpll~PLL_OUTPUT_COUNTER|divclk'
Slack : 0.086
TNS   : 0.000

Type  : Fast 1100mV 0C Model Hold 'U1|pll_inst|altera_pll_i|general[2].gpll~PLL_OUTPUT_COUNTER|divclk'
Slack : 0.127
TNS   : 0.000

Type  : Fast 1100mV 0C Model Hold 'F2SYNCLK'
Slack : 0.375
TNS   : 0.000

Type  : Fast 1100mV 0C Model Hold 'F1SYNCLK'
Slack : 0.467
TNS   : 0.000

Type  : Fast 1100mV 0C Model Hold 'F3SYNCLK'
Slack : 0.492
TNS   : 0.000

Type  : Fast 1100mV 0C Model Minimum Pulse Width 'F1SYNCLK'
Slack : -0.355
TNS   : -1.362

Type  : Fast 1100mV 0C Model Minimum Pulse Width 'F2SYNCLK'
Slack : -0.280
TNS   : -0.948

Type  : Fast 1100mV 0C Model Minimum Pulse Width 'F3SYNCLK'
Slack : -0.261
TNS   : -0.825

Type  : Fast 1100mV 0C Model Minimum Pulse Width 'U1|pll_inst|altera_pll_i|general[0].gpll~FRACTIONAL_PLL|vcoph[0]'
Slack : 1.562
TNS   : 0.000

Type  : Fast 1100mV 0C Model Minimum Pulse Width 'U1|pll_inst|altera_pll_i|general[2].gpll~PLL_OUTPUT_COUNTER|divclk'
Slack : 2.011
TNS   : 0.000

Type  : Fast 1100mV 0C Model Minimum Pulse Width 'U1|pll_inst|altera_pll_i|general[1].gpll~PLL_OUTPUT_COUNTER|divclk'
Slack : 5.789
TNS   : 0.000

Type  : Fast 1100mV 0C Model Minimum Pulse Width 'U1|pll_inst|altera_pll_i|general[0].gpll~PLL_OUTPUT_COUNTER|divclk'
Slack : 23.893
TNS   : 0.000

Type  : Fast 1100mV 0C Model Minimum Pulse Width 'CLK1'
Slack : 49.632
TNS   : 0.000

------------------------------------------------------------
