------------------------------------------------------------
TimeQuest Timing Analyzer Summary
------------------------------------------------------------

Type  : Slow 1100mV 85C Model Setup 'F3SYNCLK'
Slack : -6.638
TNS   : -19.378

Type  : Slow 1100mV 85C Model Setup 'F2SYNCLK'
Slack : -6.043
TNS   : -18.092

Type  : Slow 1100mV 85C Model Setup 'F1SYNCLK'
Slack : -5.869
TNS   : -17.356

Type  : Slow 1100mV 85C Model Setup 'U1|pll_inst|altera_pll_i|general[0].gpll~PLL_OUTPUT_COUNTER|divclk'
Slack : -1.392
TNS   : -7.837

Type  : Slow 1100mV 85C Model Setup 'U1|pll_inst|altera_pll_i|general[2].gpll~PLL_OUTPUT_COUNTER|divclk'
Slack : -0.902
TNS   : -274.811

Type  : Slow 1100mV 85C Model Setup 'U1|pll_inst|altera_pll_i|general[1].gpll~PLL_OUTPUT_COUNTER|divclk'
Slack : 0.571
TNS   : 0.000

Type  : Slow 1100mV 85C Model Hold 'U1|pll_inst|altera_pll_i|general[1].gpll~PLL_OUTPUT_COUNTER|divclk'
Slack : 0.020
TNS   : 0.000

Type  : Slow 1100mV 85C Model Hold 'U1|pll_inst|altera_pll_i|general[2].gpll~PLL_OUTPUT_COUNTER|divclk'
Slack : 0.350
TNS   : 0.000

Type  : Slow 1100mV 85C Model Hold 'U1|pll_inst|altera_pll_i|general[0].gpll~PLL_OUTPUT_COUNTER|divclk'
Slack : 0.427
TNS   : 0.000

Type  : Slow 1100mV 85C Model Hold 'F3SYNCLK'
Slack : 0.629
TNS   : 0.000

Type  : Slow 1100mV 85C Model Hold 'F1SYNCLK'
Slack : 0.666
TNS   : 0.000

Type  : Slow 1100mV 85C Model Hold 'F2SYNCLK'
Slack : 0.758
TNS   : 0.000

Type  : Slow 1100mV 85C Model Minimum Pulse Width 'F3SYNCLK'
Slack : -0.724
TNS   : -3.619

Type  : Slow 1100mV 85C Model Minimum Pulse Width 'F2SYNCLK'
Slack : -0.724
TNS   : -3.544

Type  : Slow 1100mV 85C Model Minimum Pulse Width 'F1SYNCLK'
Slack : -0.724
TNS   : -3.516

Type  : Slow 1100mV 85C Model Minimum Pulse Width 'U1|pll_inst|altera_pll_i|general[2].gpll~PLL_OUTPUT_COUNTER|divclk'
Slack : 0.695
TNS   : 0.000

Type  : Slow 1100mV 85C Model Minimum Pulse Width 'U1|pll_inst|altera_pll_i|general[0].gpll~FRACTIONAL_PLL|vcoph[0]'
Slack : 1.562
TNS   : 0.000

Type  : Slow 1100mV 85C Model Minimum Pulse Width 'U1|pll_inst|altera_pll_i|general[1].gpll~PLL_OUTPUT_COUNTER|divclk'
Slack : 5.475
TNS   : 0.000

Type  : Slow 1100mV 85C Model Minimum Pulse Width 'U1|pll_inst|altera_pll_i|general[0].gpll~PLL_OUTPUT_COUNTER|divclk'
Slack : 23.404
TNS   : 0.000

Type  : Slow 1100mV 85C Model Minimum Pulse Width 'CLK1'
Slack : 49.972
TNS   : 0.000

Type  : Slow 1100mV 0C Model Setup 'F3SYNCLK'
Slack : -6.720
TNS   : -19.503

Type  : Slow 1100mV 0C Model Setup 'F2SYNCLK'
Slack : -6.049
TNS   : -18.088

Type  : Slow 1100mV 0C Model Setup 'F1SYNCLK'
Slack : -5.850
TNS   : -17.319

Type  : Slow 1100mV 0C Model Setup 'U1|pll_inst|altera_pll_i|general[0].gpll~PLL_OUTPUT_COUNTER|divclk'
Slack : -1.612
TNS   : -8.343

Type  : Slow 1100mV 0C Model Setup 'U1|pll_inst|altera_pll_i|general[2].gpll~PLL_OUTPUT_COUNTER|divclk'
Slack : -1.005
TNS   : -245.766

Type  : Slow 1100mV 0C Model Setup 'U1|pll_inst|altera_pll_i|general[1].gpll~PLL_OUTPUT_COUNTER|divclk'
Slack : 0.687
TNS   : 0.000

Type  : Slow 1100mV 0C Model Hold 'U1|pll_inst|altera_pll_i|general[1].gpll~PLL_OUTPUT_COUNTER|divclk'
Slack : 0.135
TNS   : 0.000

Type  : Slow 1100mV 0C Model Hold 'U1|pll_inst|altera_pll_i|general[2].gpll~PLL_OUTPUT_COUNTER|divclk'
Slack : 0.342
TNS   : 0.000

Type  : Slow 1100mV 0C Model Hold 'U1|pll_inst|altera_pll_i|general[0].gpll~PLL_OUTPUT_COUNTER|divclk'
Slack : 0.413
TNS   : 0.000

Type  : Slow 1100mV 0C Model Hold 'F3SYNCLK'
Slack : 0.488
TNS   : 0.000

Type  : Slow 1100mV 0C Model Hold 'F1SYNCLK'
Slack : 0.657
TNS   : 0.000

Type  : Slow 1100mV 0C Model Hold 'F2SYNCLK'
Slack : 0.828
TNS   : 0.000

Type  : Slow 1100mV 0C Model Minimum Pulse Width 'F3SYNCLK'
Slack : -0.724
TNS   : -3.606

Type  : Slow 1100mV 0C Model Minimum Pulse Width 'F1SYNCLK'
Slack : -0.724
TNS   : -3.564

Type  : Slow 1100mV 0C Model Minimum Pulse Width 'F2SYNCLK'
Slack : -0.724
TNS   : -3.494

Type  : Slow 1100mV 0C Model Minimum Pulse Width 'U1|pll_inst|altera_pll_i|general[2].gpll~PLL_OUTPUT_COUNTER|divclk'
Slack : 0.695
TNS   : 0.000

Type  : Slow 1100mV 0C Model Minimum Pulse Width 'U1|pll_inst|altera_pll_i|general[0].gpll~FRACTIONAL_PLL|vcoph[0]'
Slack : 1.562
TNS   : 0.000

Type  : Slow 1100mV 0C Model Minimum Pulse Width 'U1|pll_inst|altera_pll_i|general[1].gpll~PLL_OUTPUT_COUNTER|divclk'
Slack : 5.355
TNS   : 0.000

Type  : Slow 1100mV 0C Model Minimum Pulse Width 'U1|pll_inst|altera_pll_i|general[0].gpll~PLL_OUTPUT_COUNTER|divclk'
Slack : 23.362
TNS   : 0.000

Type  : Slow 1100mV 0C Model Minimum Pulse Width 'CLK1'
Slack : 49.940
TNS   : 0.000

Type  : Fast 1100mV 85C Model Setup 'F3SYNCLK'
Slack : -3.422
TNS   : -10.020

Type  : Fast 1100mV 85C Model Setup 'F1SYNCLK'
Slack : -2.899
TNS   : -8.318

Type  : Fast 1100mV 85C Model Setup 'F2SYNCLK'
Slack : -2.828
TNS   : -8.354

Type  : Fast 1100mV 85C Model Setup 'U1|pll_inst|altera_pll_i|general[0].gpll~PLL_OUTPUT_COUNTER|divclk'
Slack : 2.651
TNS   : 0.000

Type  : Fast 1100mV 85C Model Setup 'U1|pll_inst|altera_pll_i|general[2].gpll~PLL_OUTPUT_COUNTER|divclk'
Slack : 2.814
TNS   : 0.000

Type  : Fast 1100mV 85C Model Setup 'U1|pll_inst|altera_pll_i|general[1].gpll~PLL_OUTPUT_COUNTER|divclk'
Slack : 3.348
TNS   : 0.000

Type  : Fast 1100mV 85C Model Hold 'U1|pll_inst|altera_pll_i|general[1].gpll~PLL_OUTPUT_COUNTER|divclk'
Slack : -0.043
TNS   : -56.626

Type  : Fast 1100mV 85C Model Hold 'U1|pll_inst|altera_pll_i|general[2].gpll~PLL_OUTPUT_COUNTER|divclk'
Slack : 0.134
TNS   : 0.000

Type  : Fast 1100mV 85C Model Hold 'U1|pll_inst|altera_pll_i|general[0].gpll~PLL_OUTPUT_COUNTER|divclk'
Slack : 0.178
TNS   : 0.000

Type  : Fast 1100mV 85C Model Hold 'F2SYNCLK'
Slack : 0.497
TNS   : 0.000

Type  : Fast 1100mV 85C Model Hold 'F1SYNCLK'
Slack : 0.499
TNS   : 0.000

Type  : Fast 1100mV 85C Model Hold 'F3SYNCLK'
Slack : 0.551
TNS   : 0.000

Type  : Fast 1100mV 85C Model Minimum Pulse Width 'F3SYNCLK'
Slack : -0.445
TNS   : -2.078

Type  : Fast 1100mV 85C Model Minimum Pulse Width 'F1SYNCLK'
Slack : -0.309
TNS   : -1.066

Type  : Fast 1100mV 85C Model Minimum Pulse Width 'F2SYNCLK'
Slack : -0.278
TNS   : -0.905

Type  : Fast 1100mV 85C Model Minimum Pulse Width 'U1|pll_inst|altera_pll_i|general[0].gpll~FRACTIONAL_PLL|vcoph[0]'
Slack : 1.562
TNS   : 0.000

Type  : Fast 1100mV 85C Model Minimum Pulse Width 'U1|pll_inst|altera_pll_i|general[2].gpll~PLL_OUTPUT_COUNTER|divclk'
Slack : 2.014
TNS   : 0.000

Type  : Fast 1100mV 85C Model Minimum Pulse Width 'U1|pll_inst|altera_pll_i|general[1].gpll~PLL_OUTPUT_COUNTER|divclk'
Slack : 5.800
TNS   : 0.000

Type  : Fast 1100mV 85C Model Minimum Pulse Width 'U1|pll_inst|altera_pll_i|general[0].gpll~PLL_OUTPUT_COUNTER|divclk'
Slack : 23.886
TNS   : 0.000

Type  : Fast 1100mV 85C Model Minimum Pulse Width 'CLK1'
Slack : 49.643
TNS   : 0.000

Type  : Fast 1100mV 0C Model Setup 'F3SYNCLK'
Slack : -3.143
TNS   : -9.204

Type  : Fast 1100mV 0C Model Setup 'F1SYNCLK'
Slack : -2.681
TNS   : -7.737

Type  : Fast 1100mV 0C Model Setup 'F2SYNCLK'
Slack : -2.559
TNS   : -7.597

Type  : Fast 1100mV 0C Model Setup 'U1|pll_inst|altera_pll_i|general[0].gpll~PLL_OUTPUT_COUNTER|divclk'
Slack : 2.884
TNS   : 0.000

Type  : Fast 1100mV 0C Model Setup 'U1|pll_inst|altera_pll_i|general[2].gpll~PLL_OUTPUT_COUNTER|divclk'
Slack : 3.105
TNS   : 0.000

Type  : Fast 1100mV 0C Model Setup 'U1|pll_inst|altera_pll_i|general[1].gpll~PLL_OUTPUT_COUNTER|divclk'
Slack : 3.672
TNS   : 0.000

Type  : Fast 1100mV 0C Model Hold 'U1|pll_inst|altera_pll_i|general[1].gpll~PLL_OUTPUT_COUNTER|divclk'
Slack : -0.052
TNS   : -85.767

Type  : Fast 1100mV 0C Model Hold 'U1|pll_inst|altera_pll_i|general[2].gpll~PLL_OUTPUT_COUNTER|divclk'
Slack : 0.112
TNS   : 0.000

Type  : Fast 1100mV 0C Model Hold 'U1|pll_inst|altera_pll_i|general[0].gpll~PLL_OUTPUT_COUNTER|divclk'
Slack : 0.121
TNS   : 0.000

Type  : Fast 1100mV 0C Model Hold 'F2SYNCLK'
Slack : 0.401
TNS   : 0.000

Type  : Fast 1100mV 0C Model Hold 'F1SYNCLK'
Slack : 0.431
TNS   : 0.000

Type  : Fast 1100mV 0C Model Hold 'F3SYNCLK'
Slack : 0.476
TNS   : 0.000

Type  : Fast 1100mV 0C Model Minimum Pulse Width 'F3SYNCLK'
Slack : -0.445
TNS   : -2.110

Type  : Fast 1100mV 0C Model Minimum Pulse Width 'F1SYNCLK'
Slack : -0.313
TNS   : -1.115

Type  : Fast 1100mV 0C Model Minimum Pulse Width 'F2SYNCLK'
Slack : -0.265
TNS   : -0.858

Type  : Fast 1100mV 0C Model Minimum Pulse Width 'U1|pll_inst|altera_pll_i|general[0].gpll~FRACTIONAL_PLL|vcoph[0]'
Slack : 1.562
TNS   : 0.000

Type  : Fast 1100mV 0C Model Minimum Pulse Width 'U1|pll_inst|altera_pll_i|general[2].gpll~PLL_OUTPUT_COUNTER|divclk'
Slack : 2.012
TNS   : 0.000

Type  : Fast 1100mV 0C Model Minimum Pulse Width 'U1|pll_inst|altera_pll_i|general[1].gpll~PLL_OUTPUT_COUNTER|divclk'
Slack : 5.791
TNS   : 0.000

Type  : Fast 1100mV 0C Model Minimum Pulse Width 'U1|pll_inst|altera_pll_i|general[0].gpll~PLL_OUTPUT_COUNTER|divclk'
Slack : 23.886
TNS   : 0.000

Type  : Fast 1100mV 0C Model Minimum Pulse Width 'CLK1'
Slack : 49.632
TNS   : 0.000

------------------------------------------------------------
